=== Gen3 Qualification Experiment (前登记) ===
  · ① 阴性对照未弃权(Nd=0) → INDETERMINATE(channel_dead): 通道死, 真人侧任何结果都不可读, 整轮作废
  · ② F > 0(任一真人文本 k_valid=0) → **ROLLBACK**。理由不需要任何产品侧标定: 把一个真实的人从语料里静默删掉, 对观测型仪器是范畴性不可接受
  · ③ F = 0 且 U = 0 → **ADOPT_PENDING_MARGIN**。注意**不是 ADOPT** —— ADOPT 需要一个已标定的『可接受损失 margin』, 而它现在不存在, 故 ADOPT 分支**结构上不可达**
  · ④ F = 0 且 U > 0 → **ADOPT_WITH_RESTRICTIONS**。限制两条: (a) k_valid<2 的 rep 一律 WITHHOLD(已实现); (b) 生产须把 K 提到使 U=0, 所需 K 由本次逐 draw 弃权率估
  · ★ 以上四支对 (Nd, F, U) 的取值空间**穷尽且互斥**。不存在『其他』。
  · ★ margin **不许从本次 12 份倒推**。ADOPT 留空是诚实, 不是保守。
  · ★ 禁止事后改语料、改 R、改 K、改判决线。禁止剔除任何一份文本。

仪器 ea70b373d5bef630  K=3(生产值)  R=4  真人 12 份 + 阴性 1 份 ⇒ 156 次调用
  T00   293字  k_valid=[3, 3, 3, 3]
  T01   809字  k_valid=[3, 3, 3, 3]
  T02  1022字  k_valid=[3, 3, 2, 3]
  T03  1146字  k_valid=[2, 3, 2, 3]
  T04  1392字  k_valid=[3, 3, 3, 3]
  T05  1414字  k_valid=[3, 3, 3, 3]
  T06  1581字  k_valid=[3, 3, 3, 3]
  T07  2372字  k_valid=[3, 3, 3, 3]
  T08  2404字  k_valid=[3, 3, 3, 3]
  T09  2681字  k_valid=[3, 3, 3, 3]
  T10  3216字  k_valid=[2, 3, 3, 2]
  T11  4058字  k_valid=[3, 3, 3, 3]
  阴性对照  k_valid=[3, 3, 3, 3]

主终点 U=P(k_valid<2)=0.0000  次级 F=P(k_valid=0)=0.0000  B=0.0347
阴性 Nd(逐draw弃权率)=0.0000  Nf=0.0000
R_qualified/R_total(rep 观测) = 48/48  ← 名义 R 不等于推断 R

=== 判决 ===
  INDETERMINATE(channel_dead): 阴性对照未弃权, 整轮作废
写出 /tmp/gen3_qualification.json
