=== gen3 弃权假阳性收口 (前登记) ===
  · ★通过: 12 份真人文本**全部零弃权**, 且阴性对照仍弃权 ⇒ 弃权通道活着且不误伤真实语料
  · ★误伤: 任一真人文本出现弃权 ⇒ 记录是**哪一份**、弃权 draw 数、以及它的长度与体裁。误伤率 >1/12 即建议回滚 s1 prompt; =1/12 则先看那一份是不是真的缺主体表达(人工判)
  · ★通道死: 阴性对照(数字表)本次**不弃权** ⇒ 本次运行的弃权通道有问题, 真人侧的零弃权**不可读作好消息**, 整轮作废重跑
  · ★ R=2 是筛选: 只答『会不会误伤』, 不答『误伤率是多少』。
  · ★ 禁止事后剔除任何一份文本。

仪器: ea70b373d5bef630  真人文本 12 份 + 阴性对照 1 份, R=2
  T00   293字  弃权 draw [0, 0]
  T01   809字  弃权 draw [1, 0]  ← ★误伤
  T02  1022字  弃权 draw [2, 2]  ← ★误伤
  T03  1146字  弃权 draw [1, 1]  ← ★误伤
  T04  1392字  弃权 draw [0, 0]
  T05  1414字  弃权 draw [0, 0]
  T06  1581字  弃权 draw [0, 0]
  T07  2372字  弃权 draw [0, 0]
  T08  2404字  弃权 draw [0, 0]
  T09  2681字  弃权 draw [0, 0]
  T10  3216字  弃权 draw [0, 1]  ← ★误伤
  T11  4058字  弃权 draw [0, 0]
  阴性对照(数字表)  弃权 draw [3, 3]

=== 判决 ===
  ★误伤 4/12: T01(809字, 弃权[1, 0]); T02(1022字, 弃权[2, 2]); T03(1146字, 弃权[1, 1]); T10(3216字, 弃权[0, 1])
写出 /tmp/abstention_false_positive.json
