=== gen4 live R=8 采样标定 (前登记) ===
  · ① 零参照(T0 vs T0b)在任一 R 上拒绝率 > alpha+0.05 → TYPE1_VIOLATION, 整轮标定作废(型 I 都不受控时, 任何 power 数字都不可读)
  · ② 型 I 受控, 且存在最小 R* 使 power(R*)>=0.80 **且** power(R*) 明显高于同 R 的零参照 → RECOMMEND_R = R*
  · ③ 型 I 受控, power 随 R 单调上升但 R=8 仍 <0.80 → INSUFFICIENT_AT_R8(需 R>8 或效应太小)
  · ④ 型 I 受控, 但 power 在所有 R 上都**没有明显高于零参照** → PAIR_MAY_BE_NULL: 这对文本可能本来就没有差异, **不能用它标定 power**, 需另找已知有效应的一对
  · ⑤ 任一臂合格 rep < 4 → INSUFFICIENT_DATA(投料损耗过大, 子集分析做不了)。失败与弃权都会压低有效 R —— **名义 R 不等于推断 R**, 三个计数都要上报
  · ★ 以上五支对 (数据是否够, 型I是否受控, R* 是否存在, power 是否高于零参照) 穷尽且互斥。
  · ★ 子集分析用**不放回真子集**, 不是 bootstrap —— 但仍条件于这 8 个真实 rep。
  · ★ 禁止事后改文本、改 R、改判决线。

仪器 565470cf26c16d01  资格协议 fc74c9ce372c8e59
三臂: T0(293字) / T0b(T0 独立重跑, 零参照) / T1(1581字)  R=8 K=3 ⇒ 192 次调用
  T0: R_qualified=8/8  失败=0  弃权=0  k_valid=[3, 3, 3, 3, 3, 3, 3, 3]
  T0b: R_qualified=8/8  失败=0  弃权=0  k_valid=[3, 3, 3, 3, 3, 3, 3, 3]
  T1: R_qualified=8/8  失败=0  弃权=0  k_valid=[3, 3, 3, 3, 3, 3, 3, 3]

R_requested=8  R_qualified={'T0': 8, 'T0b': 8, 'T1': 8}  R_failed={'T0': 0, 'T0b': 0, 'T1': 0}  R_abstained={'T0': 0, 'T0b': 0, 'T1': 0}

  R   power(T0-T1)   null(T0-T0b)  差
  4          1.000          0.000  +1.000
  5          1.000          0.015  +0.985
  6          1.000          0.000  +1.000
  7          1.000          0.000  +1.000
  8          1.000          0.000  +1.000  ← 仅 1 个子集, 是单次检验不是率

=== 判决 ===
  RECOMMEND_R = 4
写出 /tmp/live_r8_calibration.json
